// Jest Snapshot v1, https://goo.gl/fbAQLP

exports[`Es hora de las instantaneas Siempre fallará la instantanea 1`] = `
Object {
  "createAt": 2020-12-01T04:22:48.862Z,
  "id": 6,
}
`;

exports[`Es hora de las instantaneas Snapshoot 1`] = `
Object {
  "gender": "Male",
  "id": 1,
  "name": "Summer Smith",
  "species": "Human",
  "status": "Alive",
}
`;

exports[`Es hora de las instantaneas Tenemos una excepción 1`] = `
Object {
  "id": Any<Number>,
  "name": "Jonathan Garcia",
}
`;
